******************************************************************************
                  TI ARM Linker Unix v20.2.7                   
******************************************************************************
>> Linked Tue Jan 10 22:38:34 2023

OUTPUT FILE NAME:   <tdc_7200_v1.out>
ENTRY POINT SYMBOL: "_c_int00_noargs"  address: 00001365


MEMORY CONFIGURATION

         name            origin    length      used     unused   attr    fill
----------------------  --------  ---------  --------  --------  ----  --------
  FLASH                 00000000   00040000  000018de  0003e722  R  X
  SRAM                  20000000   00008000  00000475  00007b8b  RW X


SEGMENT ALLOCATION MAP

run origin  load origin   length   init length attrs members
----------  ----------- ---------- ----------- ----- -------
00000000    00000000    000018e0   000018e0    r-x
  00000000    00000000    0000026c   0000026c    r-- .intvecs
  0000026c    0000026c    000012fe   000012fe    r-x .text
  0000156c    0000156c    00000334   00000334    r-- .const
  000018a0    000018a0    00000040   00000040    r-- .cinit
20000000    20000000    00000475   00000000    rw-
  20000000    20000000    0000026c   00000000    rw- .vtable
  2000026c    2000026c    00000004   00000000    rw- .bss
  20000270    20000270    00000200   00000000    rw- .stack
  20000470    20000470    00000005   00000000    rw- .data


SECTION ALLOCATION MAP

 output                                  attributes/
section   page    origin      length       input sections
--------  ----  ----------  ----------   ----------------
.intvecs   0    00000000    0000026c     
                  00000000    0000026c     startup_ccs.obj (.intvecs)

.text      0    0000026c    000012fe     
                  0000026c    0000030c     uartstdio.obj (.text:UARTvprintf)
                  00000578    00000148     tdc_v1.obj (.text:TDC7200_INT)
                  000006c0    00000132     driverlib.lib : gpio.obj (.text:GPIOPadConfigSet)
                  000007f2    00000002     startup_ccs.obj (.text:FaultISR)
                  000007f4    00000110     driverlib.lib : sysctl.obj (.text:SysCtlClockGet)
                  00000904    000000f4                   : sysctl.obj (.text:SysCtlClockSet)
                  000009f8    000000c8     tdc_v1.obj (.text:main)
                  00000ac0    000000bc     tdc_v1.obj (.text:spiReadReg24)
                  00000b7c    0000009c     rtsv7M4_T_le_v4SPD16_eabi.lib : memcpy_t2.asm.obj (.text)
                  00000c18    00000096                                   : ull_div_t2.asm.obj (.text)
                  00000cae    00000002     startup_ccs.obj (.text:IntDefaultHandler)
                  00000cb0    00000090     tdc_v1.obj (.text:SPIenable)
                  00000d40    00000074     uartstdio.obj (.text:UARTStdioConfig)
                  00000db4    0000006e     rtsv7M4_T_le_v4SPD16_eabi.lib : ll_div_t2.asm.obj (.text)
                  00000e22    00000002     startup_ccs.obj (.text:NmiSR)
                  00000e24    0000006c     tdc_v1.obj (.text:begin)
                  00000e90    00000068     driverlib.lib : interrupt.obj (.text:IntEnable)
                  00000ef8    00000068     rtsv7M4_T_le_v4SPD16_eabi.lib : copy_decompress_lzss.c.obj (.text:decompress:lzss:__TI_decompress_lzss)
                  00000f60    00000064     tdc_v1.obj (.text:spiReadReg8)
                  00000fc4    0000005c     tdc_v1.obj (.text:ConfigureUART)
                  00001020    0000005c     uartstdio.obj (.text:UARTwrite)
                  0000107c    00000058     tdc_v1.obj (.text:spiWriteReg8)
                  000010d4    00000056     driverlib.lib : gpio.obj (.text:GPIOIntTypeSet)
                  0000112a    00000002     rtsv7M4_T_le_v4SPD16_eabi.lib : div0.asm.obj (.text)
                  0000112c    0000004c     tdc_v1.obj (.text:GPIOINT)
                  00001178    00000048     driverlib.lib : gpio.obj (.text:GPIOPinConfigure)
                  000011c0    00000044                   : gpio.obj (.text:_GPIOIntNumberGet)
                  00001204    00000044     rtsv7M4_T_le_v4SPD16_eabi.lib : autoinit.c.obj (.text:__TI_auto_init_nobinit_nopinit:__TI_auto_init_nobinit_nopinit)
                  00001248    00000040                                   : u_divt2.asm.obj (.text)
                  00001288    0000003c     driverlib.lib : ssi.obj (.text:SSIConfigSetExpClk)
                  000012c4    00000038                   : sysctl.obj (.text:SysCtlPeripheralReady)
                  000012fc    00000034                   : interrupt.obj (.text:IntRegister)
                  00001330    00000034                   : sysctl.obj (.text:SysCtlPeripheralEnable)
                  00001364    00000034     rtsv7M4_T_le_v4SPD16_eabi.lib : boot_cortex_m.c.obj (.text:_c_int00_noargs:_c_int00_noargs)
                  00001398    0000002a     driverlib.lib : gpio.obj (.text:GPIODirModeSet)
                  000013c2    00000002     --HOLE-- [fill = 0]
                  000013c4    00000024     tdc_v1.obj (.text:GPIOEnable)
                  000013e8    00000024     uartstdio.obj (.text:UARTprintf)
                  0000140c    0000001c     rtsv7M4_T_le_v4SPD16_eabi.lib : copy_zero_init.c.obj (.text:decompress:ZI:__TI_zero_init_nomemset:__TI_zero_init_nomemset)
                  00001428    0000001c     tdc_v1.obj (.text:startMeasurement)
                  00001444    00000018     driverlib.lib : gpio.obj (.text:GPIOIntRegister)
                  0000145c    00000018                   : gpio.obj (.text:GPIOPinTypeGPIOOutput)
                  00001474    00000018     rtsv7M4_T_le_v4SPD16_eabi.lib : ll_mul_t2.asm.obj (.text)
                  0000148c    00000012     driverlib.lib : gpio.obj (.text:GPIOPinTypeGPIOInput)
                  0000149e    00000012                   : gpio.obj (.text:GPIOPinTypeSSI)
                  000014b0    00000012                   : gpio.obj (.text:GPIOPinTypeUART)
                  000014c2    00000012                   : ssi.obj (.text:SSIDataGetNonBlocking)
                  000014d4    00000010                   : fpu.obj (.text:FPUEnable)
                  000014e4    00000010                   : fpu.obj (.text:FPULazyStackingEnable)
                  000014f4    0000000e     rtsv7M4_T_le_v4SPD16_eabi.lib : copy_decompress_none.c.obj (.text:decompress:none:__TI_decompress_none)
                  00001502    0000000c     driverlib.lib : gpio.obj (.text:GPIOIntEnable)
                  0000150e    0000000c                   : ssi.obj (.text:SSIDataGet)
                  0000151a    0000000c                   : uart.obj (.text:UARTFlowControlSet)
                  00001526    0000000a                   : ssi.obj (.text:SSIDataPut)
                  00001530    0000000a                   : ssi.obj (.text:SSIEnable)
                  0000153a    0000000a                   : uart.obj (.text:UARTFIFOEnable)
                  00001544    00000006                   : gpio.obj (.text:GPIOIntClear)
                  0000154a    00000006                   : gpio.obj (.text:GPIOPinWrite)
                  00001550    00000006     startup_ccs.obj (.text:ResetISR)
                  00001556    00000006     driverlib.lib : sysctl.obj (.text:SysCtlDelay)
                  0000155c    00000006                   : uart.obj (.text:UARTClockSourceSet)
                  00001562    00000004     rtsv7M4_T_le_v4SPD16_eabi.lib : pre_init.c.obj (.text:_system_pre_init)
                  00001566    00000004                                   : exit.c.obj (.text:abort:abort)

.const     0    0000156c    00000334     
                  0000156c    000000d8     driverlib.lib : gpio.obj (.const:g_ppui32GPIOIntMapSnowflake)
                  00001644    000000c0                   : gpio.obj (.const:g_ppui32GPIOIntMapBlizzard)
                  00001704    00000090                   : gpio.obj (.const:g_pui32GPIOBaseAddrs)
                  00001794    00000070                   : interrupt.obj (.const)
                  00001804    0000006c                   : sysctl.obj (.const:g_pui32Xtals)
                  00001870    00000012     uartstdio.obj (.const:.string)
                  00001882    00000002     --HOLE-- [fill = 0]
                  00001884    0000000c     uartstdio.obj (.const:g_ui32UARTBase)
                  00001890    0000000c     uartstdio.obj (.const:g_ui32UARTPeriph)
                  0000189c    00000004     uartstdio.obj (.const)

.cinit     0    000018a0    00000040     
                  000018a0    0000000c     (__TI_handler_table)
                  000018ac    00000004     --HOLE-- [fill = 0]
                  000018b0    00000008     (.cinit..bss.load) [load image, compression = zero_init]
                  000018b8    00000008     (.cinit..vtable.load) [load image, compression = zero_init]
                  000018c0    00000007     (.cinit..data.load) [load image, compression = lzss]
                  000018c7    00000001     --HOLE-- [fill = 0]
                  000018c8    00000018     (__TI_cinit_table)

.init_array 
*          0    00000000    00000000     UNINITIALIZED

.vtable    0    20000000    0000026c     UNINITIALIZED
                  20000000    0000026c     driverlib.lib : interrupt.obj (.vtable)

.bss       0    2000026c    00000004     UNINITIALIZED
                  2000026c    00000004     (.common:junk)

.data      0    20000470    00000005     UNINITIALIZED
                  20000470    00000005     uartstdio.obj (.data)

.stack     0    20000270    00000200     UNINITIALIZED
                  20000270    00000004     rtsv7M4_T_le_v4SPD16_eabi.lib : boot_cortex_m.c.obj (.stack)
                  20000274    000001fc     --HOLE--

__llvm_prf_cnts 
*          0    20000000    00000000     UNINITIALIZED

MODULE SUMMARY

       Module                       code   ro data   rw data
       ------                       ----   -------   -------
    ./
       tdc_v1.obj                   1388   0         4      
       startup_ccs.obj              12     620       0      
    +--+----------------------------+------+---------+---------+
       Total:                       1400   620       4      
                                                            
    ./utils/
       uartstdio.obj                1024   46        5      
    +--+----------------------------+------+---------+---------+
       Total:                       1024   46        5      
                                                            
    /home/qkd1/ti/ccs1210/ccs/tools/compiler/ti-cgt-arm_20.2.7.LTS/lib/rtsv7M4_T_le_v4SPD16_eabi.lib
       memcpy_t2.asm.obj            156    0         0      
       ull_div_t2.asm.obj           150    0         0      
       ll_div_t2.asm.obj            110    0         0      
       copy_decompress_lzss.c.obj   104    0         0      
       autoinit.c.obj               68     0         0      
       u_divt2.asm.obj              64     0         0      
       boot_cortex_m.c.obj          52     0         0      
       copy_zero_init.c.obj         28     0         0      
       ll_mul_t2.asm.obj            24     0         0      
       copy_decompress_none.c.obj   14     0         0      
       exit.c.obj                   4      0         0      
       pre_init.c.obj               4      0         0      
       div0.asm.obj                 2      0         0      
    +--+----------------------------+------+---------+---------+
       Total:                       780    0         0      
                                                            
    /home/qkd1/ti/tivaware_c_series_2_1_4_178/driverlib/ccs/Debug/driverlib.lib
       gpio.obj                     700    552       0      
       interrupt.obj                156    112       620    
       sysctl.obj                   630    108       0      
       ssi.obj                      110    0         0      
       fpu.obj                      32     0         0      
       uart.obj                     28     0         0      
    +--+----------------------------+------+---------+---------+
       Total:                       1656   772       620    
                                                            
       Stack:                       0      0         512    
       Linker Generated:            0      59        0      
    +--+----------------------------+------+---------+---------+
       Grand Total:                 4860   1497      1141   


LINKER GENERATED COPY TABLES

__TI_cinit_table @ 000018c8 records: 3, size/record: 8, table size: 24
	.bss: load addr=000018b0, load size=00000008 bytes, run addr=2000026c, run size=00000004 bytes, compression=zero_init
	.vtable: load addr=000018b8, load size=00000008 bytes, run addr=20000000, run size=0000026c bytes, compression=zero_init
	.data: load addr=000018c0, load size=00000007 bytes, run addr=20000470, run size=00000005 bytes, compression=lzss


LINKER GENERATED HANDLER TABLE

__TI_handler_table @ 000018a0 records: 3, size/record: 4, table size: 12
	index: 0, handler: __TI_zero_init
	index: 1, handler: __TI_decompress_lzss
	index: 2, handler: __TI_decompress_none


GLOBAL SYMBOLS: SORTED ALPHABETICALLY BY Name 

address   name                          
-------   ----                          
00001567  C$$EXIT                       
00000fc5  ConfigureUART                 
000014d5  FPUEnable                     
000014e5  FPULazyStackingEnable         
00001399  GPIODirModeSet                
000013c5  GPIOEnable                    
0000112d  GPIOINT                       
00001545  GPIOIntClear                  
00001503  GPIOIntEnable                 
00001445  GPIOIntRegister               
000010d5  GPIOIntTypeSet                
000006c1  GPIOPadConfigSet              
00001179  GPIOPinConfigure              
0000148d  GPIOPinTypeGPIOInput          
0000145d  GPIOPinTypeGPIOOutput         
0000149f  GPIOPinTypeSSI                
000014b1  GPIOPinTypeUART               
0000154b  GPIOPinWrite                  
00000e91  IntEnable                     
000012fd  IntRegister                   
00001551  ResetISR                      
00000cb1  SPIenable                     
00001289  SSIConfigSetExpClk            
0000150f  SSIDataGet                    
000014c3  SSIDataGetNonBlocking         
00001527  SSIDataPut                    
00001531  SSIEnable                     
000007f5  SysCtlClockGet                
00000905  SysCtlClockSet                
00001557  SysCtlDelay                   
00001331  SysCtlPeripheralEnable        
000012c5  SysCtlPeripheralReady         
00000579  TDC7200_INT                   
0000155d  UARTClockSourceSet            
0000153b  UARTFIFOEnable                
0000151b  UARTFlowControlSet            
00000d41  UARTStdioConfig               
000013e9  UARTprintf                    
0000026d  UARTvprintf                   
00001021  UARTwrite                     
20000470  __STACK_END                   
00000200  __STACK_SIZE                  
20000470  __STACK_TOP                   
000018c8  __TI_CINIT_Base               
000018e0  __TI_CINIT_Limit              
000018a0  __TI_Handler_Table_Base       
000018ac  __TI_Handler_Table_Limit      
00001205  __TI_auto_init_nobinit_nopinit
00000ef9  __TI_decompress_lzss          
000014f5  __TI_decompress_none          
ffffffff  __TI_pprof_out_hndl           
ffffffff  __TI_prof_data_size           
ffffffff  __TI_prof_data_start          
00000000  __TI_static_base__            
0000140d  __TI_zero_init_nomemset       
0000112b  __aeabi_idiv0                 
0000112b  __aeabi_ldiv0                 
00000db5  __aeabi_ldivmod               
00001475  __aeabi_lmul                  
00000b7d  __aeabi_memcpy                
00000b7d  __aeabi_memcpy4               
00000b7d  __aeabi_memcpy8               
00001249  __aeabi_uidiv                 
00001249  __aeabi_uidivmod              
00000c19  __aeabi_uldivmod              
ffffffff  __binit__                     
ffffffff  __c_args__                    
UNDEFED   __mpu_init                    
20000270  __stack                       
20000000  __start___llvm_prf_cnts       
20000000  __stop___llvm_prf_cnts        
00001365  _c_int00_noargs               
UNDEFED   _system_post_cinit            
00001563  _system_pre_init              
00001567  abort                         
00000e25  begin                         
ffffffff  binit                         
20000000  g_pfnRAMVectors               
00000000  g_pfnVectors                  
2000026c  junk                          
000009f9  main                          
00000b7d  memcpy                        
00000ac1  spiReadReg24                  
00000f61  spiReadReg8                   
0000107d  spiWriteReg8                  
00001429  startMeasurement              


GLOBAL SYMBOLS: SORTED BY Symbol Address 

address   name                          
-------   ----                          
00000000  __TI_static_base__            
00000000  g_pfnVectors                  
00000200  __STACK_SIZE                  
0000026d  UARTvprintf                   
00000579  TDC7200_INT                   
000006c1  GPIOPadConfigSet              
000007f5  SysCtlClockGet                
00000905  SysCtlClockSet                
000009f9  main                          
00000ac1  spiReadReg24                  
00000b7d  __aeabi_memcpy                
00000b7d  __aeabi_memcpy4               
00000b7d  __aeabi_memcpy8               
00000b7d  memcpy                        
00000c19  __aeabi_uldivmod              
00000cb1  SPIenable                     
00000d41  UARTStdioConfig               
00000db5  __aeabi_ldivmod               
00000e25  begin                         
00000e91  IntEnable                     
00000ef9  __TI_decompress_lzss          
00000f61  spiReadReg8                   
00000fc5  ConfigureUART                 
00001021  UARTwrite                     
0000107d  spiWriteReg8                  
000010d5  GPIOIntTypeSet                
0000112b  __aeabi_idiv0                 
0000112b  __aeabi_ldiv0                 
0000112d  GPIOINT                       
00001179  GPIOPinConfigure              
00001205  __TI_auto_init_nobinit_nopinit
00001249  __aeabi_uidiv                 
00001249  __aeabi_uidivmod              
00001289  SSIConfigSetExpClk            
000012c5  SysCtlPeripheralReady         
000012fd  IntRegister                   
00001331  SysCtlPeripheralEnable        
00001365  _c_int00_noargs               
00001399  GPIODirModeSet                
000013c5  GPIOEnable                    
000013e9  UARTprintf                    
0000140d  __TI_zero_init_nomemset       
00001429  startMeasurement              
00001445  GPIOIntRegister               
0000145d  GPIOPinTypeGPIOOutput         
00001475  __aeabi_lmul                  
0000148d  GPIOPinTypeGPIOInput          
0000149f  GPIOPinTypeSSI                
000014b1  GPIOPinTypeUART               
000014c3  SSIDataGetNonBlocking         
000014d5  FPUEnable                     
000014e5  FPULazyStackingEnable         
000014f5  __TI_decompress_none          
00001503  GPIOIntEnable                 
0000150f  SSIDataGet                    
0000151b  UARTFlowControlSet            
00001527  SSIDataPut                    
00001531  SSIEnable                     
0000153b  UARTFIFOEnable                
00001545  GPIOIntClear                  
0000154b  GPIOPinWrite                  
00001551  ResetISR                      
00001557  SysCtlDelay                   
0000155d  UARTClockSourceSet            
00001563  _system_pre_init              
00001567  C$$EXIT                       
00001567  abort                         
000018a0  __TI_Handler_Table_Base       
000018ac  __TI_Handler_Table_Limit      
000018c8  __TI_CINIT_Base               
000018e0  __TI_CINIT_Limit              
20000000  __start___llvm_prf_cnts       
20000000  __stop___llvm_prf_cnts        
20000000  g_pfnRAMVectors               
2000026c  junk                          
20000270  __stack                       
20000470  __STACK_END                   
20000470  __STACK_TOP                   
ffffffff  __TI_pprof_out_hndl           
ffffffff  __TI_prof_data_size           
ffffffff  __TI_prof_data_start          
ffffffff  __binit__                     
ffffffff  __c_args__                    
ffffffff  binit                         
UNDEFED   __mpu_init                    
UNDEFED   _system_post_cinit            

[86 symbols]
